

--- [2026-06-06T11:41:56.453Z] Incoming Request ---
Headers: {
  "host": "localhost:3000",
  "connection": "keep-alive",
  "content-length": "735",
  "sec-ch-ua-platform": "\"Windows\"",
  "authorization": "Bearer eyJhbGciOiJIUzI1NiIsInR5cCI6IkpXVCJ9.eyJpZCI6MywibmlrIjoiMzMzMzMzMzMzMzMzMzMzMyIsIm5hbWFfbGVuZ2thcCI6InVzZXIgYWphIiwiZW1haWwiOiJ1c2VyQGdtYWlsLmNvbSIsInJvbGUiOiJ1c2VyIiwiaWF0IjoxNzgwNzQ1MzY2LCJleHAiOjE3ODA4MzE3NjZ9.4yZJcPAEOHOW-JVDfSXfLqHcTkc6x_Vl5RZC0QOEyV4",
  "user-agent": "Mozilla/5.0 (Windows NT 10.0; Win64; x64) AppleWebKit/537.36 (KHTML, like Gecko) Chrome/148.0.0.0 Safari/537.36",
  "accept": "application/json, text/plain, */*",
  "sec-ch-ua": "\"Chromium\";v=\"148\", \"Google Chrome\";v=\"148\", \"Not/A)Brand\";v=\"99\"",
  "content-type": "multipart/form-data; boundary=----WebKitFormBoundaryAENYkhZTzbzB7KF1",
  "sec-ch-ua-mobile": "?0",
  "origin": "http://localhost:3001",
  "sec-fetch-site": "same-site",
  "sec-fetch-mode": "cors",
  "sec-fetch-dest": "empty",
  "referer": "http://localhost:3001/",
  "accept-encoding": "gzip, deflate, br, zstd",
  "accept-language": "id-ID,id;q=0.9,en-US;q=0.8,en;q=0.7"
}
Files received: []
Body received: {
  "title": "tyuiopoiuyrtyuiopoiuytr",
  "description": "tyuiopoiuyfguioiuytf",
  "tanggal_kejadian": "2026-06-06",
  "lokasi_kejadian": "fgyuiuygfguygfgyuyfgugffghu",
  "instansi_tujuan": "Dinas Kesehatan",
  "category_id": "5"
}


--- [2026-06-06T12:41:43.813Z] Incoming Request ---
Headers: {
  "host": "localhost:3000",
  "connection": "keep-alive",
  "content-length": "746",
  "sec-ch-ua-platform": "\"Windows\"",
  "authorization": "Bearer eyJhbGciOiJIUzI1NiIsInR5cCI6IkpXVCJ9.eyJpZCI6MywibmlrIjoiMzMzMzMzMzMzMzMzMzMzMyIsIm5hbWFfbGVuZ2thcCI6InVzZXIgYWphIiwiZW1haWwiOiJ1c2VyQGdtYWlsLmNvbSIsInJvbGUiOiJ1c2VyIiwiaWF0IjoxNzgwNzQ1MzY2LCJleHAiOjE3ODA4MzE3NjZ9.4yZJcPAEOHOW-JVDfSXfLqHcTkc6x_Vl5RZC0QOEyV4",
  "user-agent": "Mozilla/5.0 (Windows NT 10.0; Win64; x64) AppleWebKit/537.36 (KHTML, like Gecko) Chrome/148.0.0.0 Safari/537.36",
  "accept": "application/json, text/plain, */*",
  "sec-ch-ua": "\"Chromium\";v=\"148\", \"Google Chrome\";v=\"148\", \"Not/A)Brand\";v=\"99\"",
  "content-type": "multipart/form-data; boundary=----WebKitFormBoundaryLjww3e2v5OwZxYDo",
  "sec-ch-ua-mobile": "?0",
  "origin": "http://localhost:3001",
  "sec-fetch-site": "same-site",
  "sec-fetch-mode": "cors",
  "sec-fetch-dest": "empty",
  "referer": "http://localhost:3001/",
  "accept-encoding": "gzip, deflate, br, zstd",
  "accept-language": "id-ID,id;q=0.9,en-US;q=0.8,en;q=0.7"
}
Files received: []
Body received: {
  "title": "assasdadaafefefw4efdsrv4wefds",
  "description": "assasdadaafefefw4efdsrv4wefds",
  "tanggal_kejadian": "2026-06-06",
  "lokasi_kejadian": "assasdadaafefefw4efdsrv4wefds",
  "instansi_tujuan": "undefined",
  "category_id": "5"
}
